register normalizers/yamysql
[[0,0.0,0.0],true]
normalize NormalizerYaMySQLUnicodeCI "ぁあぃいぅうぇえぉおかがきぎくぐけげこごさざしじすずせぜそぞただちぢっつづてでとどなにぬねのはばぱひびぴふぶぷへべぺほぼぽまみむめもゃやゅゆょよらりるれろゎわゐゑをんァアィイゥウエォオカガキギクグケゲコゴサザシジスズセゼソゾタダチヂッツヅテデトドナニヌネノハバパヒビピフブプヘベペホボポマミムメモャヤュユョヨラリルレロヮワヰヱヲンヴヵヶｧｱｨｲｩｳｴｫｵｶｶﾞｷｷﾞｸｸﾞｹｹﾞｺｺﾞｻｻﾞｼｼﾞｽｽﾞｾｾﾞｿｿﾞﾀﾀﾞﾁﾁﾞｯﾂﾂﾞﾃﾃﾞﾄﾄﾞﾅﾆﾇﾈﾉﾊﾊﾞﾊﾟﾋﾋﾞﾋﾟﾌﾌﾞﾌﾟﾍﾍﾞﾍﾟﾎﾎﾞﾎﾟﾏﾐﾑﾒﾓｬﾔｭﾕｮﾖﾗﾘﾙﾚﾛﾜｦﾝ"
[
  [
    0,
    0.0,
    0.0
  ],
  {
    "normalized": "ああいいううええおおかがきぎくぐけげこごさざしじすずせぜそぞただちぢつつづてでとどなにぬねのはばぱひびぴふぶぷへべぺほぼぽまみむめもややゆゆよよらりるれろわわゐゑをんアアイイウウエオオカガキギクグケゲコゴサザシジスズセゼソゾタダチヂツツヅテデトドナニヌネノハバパヒビピフブプヘベペホボポマミムメモヤヤユユヨヨラリルレロワワヰヱヲンヴカケアアイイウウエオオカガキギクグケゲコゴサザシジスズセゼソゾタダチヂツツヅテデトドナニヌネノハバパヒビピフブプヘベペホボポマミムメモヤヤユユヨヨラリルレロワヲン",
    "types": [

    ],
    "checks": [

    ]
  }
]
