register normalizers/yamysql
[[0,0.0,0.0],true]
normalize NormalizerYaMySQLUnicodeCI "\r\n"
[[0,0.0,0.0],{"normalized":"  ","types":[],"checks":[]}]
